// Bun Snapshot v1, https://bun.sh/docs/test/snapshots

exports[`fleet renderers renderFleetTerminal renders the aggregate dashboard 1`] = `
"unslop fleet · 4 targets · 3 ok · 1 error · 1 policy failed
audited 2026-06-06T00:00:00.000Z · index 0–100, lower is better

  target    index  state     evidence  findings  policy  drift             Δ     note
  warren    0/100  complete  —                0  ok      drift 0 · miss 0  -4
  trellis  54/100  complete  —                4  FAIL    drift 2 · miss 1  new
  drifty    0/100  complete  —                0  ok      error             new   drift error: canonical version 9.9.9 is not bundled (have 1.0.0)
  gone          —  —         —                —  —       —                 —     error: path not found or not a directory

4 targets · 3 ok · 1 error · 1 policy failed"
`;

exports[`fleet renderers renderFleetMarkdown renders a PR/issue-ready table 1`] = `
"# Fleet audit

4 targets · 3 ok · 1 error · 1 policy failed · audited 2026-06-06T00:00:00.000Z
Sloppiness index 0–100, **lower is better**; Δ is the index move vs the previous stored run (positive = worse). Provider evidence is per target, advisory and never scored.

| Target | Index | State | Evidence | Findings | Policy | Drift | Δ | Note |
| --- | --- | --- | --- | --- | --- | --- | --- | --- |
| \`warren\` | 0/100 | complete | — | 0 | ok | drift 0 · miss 0 | -4 |  |
| \`trellis\` | 54/100 | complete | — | 4 | FAIL | drift 2 · miss 1 | new |  |
| \`drifty\` | 0/100 | complete | — | 0 | ok | error | new | drift error: canonical version 9.9.9 is not bundled (have 1.0.0) |
| \`gone\` | — | — | — | — | — | — | — | error: path not found or not a directory |
"
`;
