// Bun Snapshot v1, https://bun.sh/docs/test/snapshots

exports[`renderHistoryTerminal renders the dashboard 1`] = `
"unslop report · sloppiness history
scope: all repos · all time

sloppiness snapshot (2) · index 0–100, lower is better
  repo                   index  state     Δ     runs  scoring           audited
  fixture#abc123def456  14/100  complete  +4       2  0.1.0-provisional  2026-06-06T00:00:00.000Z
  partial#999888777666  41/100  partial   new      1  0.1.0-provisional  2026-06-05T00:00:00.000Z

fixture#abc123def456 · 2 runs
  audited                    index  state     scoring
  2026-06-01T00:00:00.000Z  10/100  complete  0.1.0-provisional
  2026-06-06T00:00:00.000Z  14/100  complete  0.1.0-provisional
  trend: 10 → 14
"
`;

exports[`renderHistoryMarkdown renders the dashboard 1`] = `
"# Trellis history

scope: all repos · all time

## Sloppiness snapshot (2)

Index 0–100, **lower is better**; Δ is the index move vs the previous compatible run (positive = worse).

| Repo | Index | State | Δ | Runs | Scoring | Audited |
| --- | --- | --- | --- | --- | --- | --- |
| \`fixture#abc123def456\` | 14/100 | complete | +4 | 2 | 0.1.0-provisional | 2026-06-06T00:00:00.000Z |
| \`partial#999888777666\` | 41/100 | partial | new | 1 | 0.1.0-provisional | 2026-06-05T00:00:00.000Z |

## \`fixture#abc123def456\` · 2 runs

| Audited | Index | State | Scoring |
| --- | --- | --- | --- |
| 2026-06-01T00:00:00.000Z | 10/100 | complete | 0.1.0-provisional |
| 2026-06-06T00:00:00.000Z | 14/100 | complete | 0.1.0-provisional |

Trend: 10 → 14
"
`;
